[2026-05-15 00:45:14] [INFO    ] [browser.session] Browser đã khởi động
[2026-05-15 00:45:14] [INFO    ] [browser.session] Đang điều hướng đến trang login...
[2026-05-15 00:45:16] [INFO    ] [browser.session] URL sau goto: https://www.facebook.com/login
[2026-05-15 00:45:48] [INFO    ] [browser.session] Dùng Enter để submit form đăng nhập
[2026-05-15 00:45:48] [INFO    ] [browser.session] Đã click đăng nhập, đang chờ redirect...
[2026-05-15 00:46:28] [INFO    ] [browser.session] Đã lưu 7 cookies → C:\Users\PC\Projects\facebook_crawler\fb-scraper\cookies\fb_cookies.json
[2026-05-15 00:46:46] [DEBUG   ] [browser.anti_detect] Delay 2.07s
[2026-05-15 00:46:49] [DEBUG   ] [browser.anti_detect] Delay 1.94s
[2026-05-15 00:46:52] [DEBUG   ] [browser.anti_detect] Delay 1.97s
[2026-05-15 00:46:54] [DEBUG   ] [browser.anti_detect] Delay 2.96s
[2026-05-15 00:46:58] [DEBUG   ] [browser.anti_detect] Delay 2.88s
[2026-05-15 00:47:05] [DEBUG   ] [browser.anti_detect] Delay 2.57s
[2026-05-15 00:47:11] [DEBUG   ] [browser.anti_detect] Delay 2.19s
[2026-05-15 00:47:17] [DEBUG   ] [browser.anti_detect] Delay 1.61s
[2026-05-15 00:47:19] [DEBUG   ] [browser.anti_detect] Delay 2.39s
[2026-05-15 00:47:25] [DEBUG   ] [browser.anti_detect] Delay 2.63s
[2026-05-15 00:47:28] [DEBUG   ] [browser.anti_detect] Delay 2.41s
[2026-05-15 00:47:32] [DEBUG   ] [browser.anti_detect] Delay 2.44s
[2026-05-15 00:47:35] [DEBUG   ] [browser.anti_detect] Delay 1.55s
[2026-05-15 00:47:41] [DEBUG   ] [browser.anti_detect] Delay 2.85s
[2026-05-15 00:47:47] [DEBUG   ] [browser.anti_detect] Delay 2.54s
[2026-05-15 00:47:51] [DEBUG   ] [browser.anti_detect] Delay 2.73s
[2026-05-15 00:47:54] [DEBUG   ] [browser.anti_detect] Delay 2.09s
[2026-05-15 00:48:00] [DEBUG   ] [browser.anti_detect] Delay 1.93s
[2026-05-15 00:48:03] [DEBUG   ] [browser.anti_detect] Delay 2.18s
[2026-05-15 00:48:09] [DEBUG   ] [browser.anti_detect] Delay 2.24s
[2026-05-15 00:48:14] [DEBUG   ] [browser.anti_detect] Delay 2.48s
[2026-05-15 00:48:17] [DEBUG   ] [browser.anti_detect] Delay 2.71s
[2026-05-15 00:48:24] [DEBUG   ] [browser.anti_detect] Delay 2.21s
[2026-05-15 00:48:26] [DEBUG   ] [browser.anti_detect] Delay 2.74s
[2026-05-15 00:48:33] [DEBUG   ] [browser.anti_detect] Delay 1.60s
[2026-05-15 00:48:38] [DEBUG   ] [browser.anti_detect] Delay 2.97s
[2026-05-15 00:48:41] [DEBUG   ] [browser.anti_detect] Delay 1.86s
[2026-05-15 00:48:44] [DEBUG   ] [browser.anti_detect] Delay 1.97s
[2026-05-15 00:48:49] [DEBUG   ] [browser.anti_detect] Delay 2.08s
[2026-05-15 00:48:55] [DEBUG   ] [browser.anti_detect] Delay 2.94s
[2026-05-15 00:48:59] [DEBUG   ] [browser.anti_detect] Delay 2.45s
[2026-05-15 00:49:05] [DEBUG   ] [browser.anti_detect] Delay 1.78s
[2026-05-15 00:49:07] [DEBUG   ] [browser.anti_detect] Delay 1.63s
[2026-05-15 00:49:11] [DEBUG   ] [browser.anti_detect] Delay 2.21s
[2026-05-15 00:49:13] [DEBUG   ] [browser.anti_detect] Delay 2.10s
[2026-05-15 00:49:19] [DEBUG   ] [browser.anti_detect] Delay 1.72s
[2026-05-15 00:49:22] [DEBUG   ] [browser.anti_detect] Delay 2.56s
[2026-05-15 00:49:28] [DEBUG   ] [browser.anti_detect] Delay 2.78s
[2026-05-15 00:49:34] [DEBUG   ] [scrapers.comment_scraper] Cào comments post 3950389628425375
[2026-05-15 00:49:36] [DEBUG   ] [browser.anti_detect] Delay 0.90s
[2026-05-15 00:50:07] [DEBUG   ] [scrapers.comment_scraper] Comment selector: '[aria-label*="Bình luận"] > div' → 43
[2026-05-15 00:50:07] [DEBUG   ] [scrapers.comment_scraper] Post 3950389628425375: 20 comments
[2026-05-15 00:50:07] [DEBUG   ] [scrapers.comment_scraper] Cào comments post 3963802677084070
[2026-05-15 00:50:09] [DEBUG   ] [browser.anti_detect] Delay 0.99s
[2026-05-15 00:50:40] [DEBUG   ] [scrapers.comment_scraper] Comment selector: '[aria-label*="Bình luận"] > div' → 29
[2026-05-15 00:50:40] [DEBUG   ] [scrapers.comment_scraper] Post 3963802677084070: 12 comments
[2026-05-15 00:50:40] [DEBUG   ] [scrapers.comment_scraper] Cào comments post 3963728107091527
[2026-05-15 00:50:42] [DEBUG   ] [browser.anti_detect] Delay 1.12s
[2026-05-15 00:51:13] [DEBUG   ] [scrapers.comment_scraper] Comment selector: '[aria-label*="Bình luận"] > div' → 43
[2026-05-15 00:51:14] [DEBUG   ] [scrapers.comment_scraper] Post 3963728107091527: 20 comments
[2026-05-15 00:51:14] [DEBUG   ] [scrapers.comment_scraper] Cào comments post 3963671003763904
[2026-05-15 00:51:16] [DEBUG   ] [browser.anti_detect] Delay 1.21s
[2026-05-15 00:51:47] [DEBUG   ] [scrapers.comment_scraper] Comment selector: '[aria-label*="Bình luận"] > div' → 43
[2026-05-15 00:51:48] [DEBUG   ] [scrapers.comment_scraper] Post 3963671003763904: 20 comments
[2026-05-15 00:51:48] [DEBUG   ] [scrapers.comment_scraper] Cào comments post 3963735013757503
[2026-05-15 00:51:50] [DEBUG   ] [browser.anti_detect] Delay 0.81s
[2026-05-15 00:52:21] [DEBUG   ] [scrapers.comment_scraper] Comment selector: '[aria-label*="Bình luận"] > div' → 43
[2026-05-15 00:52:21] [DEBUG   ] [scrapers.comment_scraper] Post 3963735013757503: 20 comments
[2026-05-15 00:52:21] [DEBUG   ] [scrapers.comment_scraper] Cào comments post 3961180714012933
[2026-05-15 00:52:23] [DEBUG   ] [browser.anti_detect] Delay 0.87s
[2026-05-15 00:52:54] [DEBUG   ] [scrapers.comment_scraper] Comment selector: '[aria-label*="Bình luận"] > div' → 43
[2026-05-15 00:52:55] [DEBUG   ] [scrapers.comment_scraper] Post 3961180714012933: 20 comments
[2026-05-15 00:52:55] [DEBUG   ] [scrapers.comment_scraper] Cào comments post 3963865730411098
[2026-05-15 00:52:57] [DEBUG   ] [browser.anti_detect] Delay 0.95s
[2026-05-15 00:53:28] [DEBUG   ] [scrapers.comment_scraper] Comment selector: '[aria-label*="Bình luận"] > div' → 7
[2026-05-15 00:53:28] [DEBUG   ] [scrapers.comment_scraper] Post 3963865730411098: 2 comments
[2026-05-15 00:53:28] [DEBUG   ] [scrapers.comment_scraper] Cào comments post 3960622704068734
[2026-05-15 00:53:30] [DEBUG   ] [browser.anti_detect] Delay 1.36s
[2026-05-15 00:54:01] [DEBUG   ] [scrapers.comment_scraper] Comment selector: '[aria-label*="Bình luận"] > div' → 19
[2026-05-15 00:54:02] [DEBUG   ] [scrapers.comment_scraper] Post 3960622704068734: 8 comments
[2026-05-15 00:54:02] [DEBUG   ] [scrapers.comment_scraper] Cào comments post 3962303520567319
[2026-05-15 00:54:04] [DEBUG   ] [browser.anti_detect] Delay 1.41s
[2026-05-15 00:54:35] [DEBUG   ] [scrapers.comment_scraper] Comment selector: '[aria-label*="Bình luận"] > div' → 45
[2026-05-15 00:54:36] [DEBUG   ] [scrapers.comment_scraper] Post 3962303520567319: 20 comments
[2026-05-15 00:54:36] [DEBUG   ] [scrapers.comment_scraper] Cào comments post 3963687510428920
[2026-05-15 00:54:38] [DEBUG   ] [browser.anti_detect] Delay 1.40s
[2026-05-15 00:55:09] [DEBUG   ] [scrapers.comment_scraper] Comment selector: '[aria-label*="Bình luận"] > div' → 23
[2026-05-15 00:55:09] [DEBUG   ] [scrapers.comment_scraper] Post 3963687510428920: 10 comments
[2026-05-15 00:55:09] [DEBUG   ] [scrapers.comment_scraper] Cào comments post 3963761483754856
[2026-05-15 00:55:12] [DEBUG   ] [browser.anti_detect] Delay 1.05s
[2026-05-15 00:55:43] [DEBUG   ] [scrapers.comment_scraper] Comment selector: '[aria-label*="Bình luận"] > div' → 23
[2026-05-15 00:55:43] [DEBUG   ] [scrapers.comment_scraper] Post 3963761483754856: 10 comments
[2026-05-15 00:55:43] [DEBUG   ] [scrapers.comment_scraper] Cào comments post 3962542100543461
[2026-05-15 00:55:45] [DEBUG   ] [browser.anti_detect] Delay 0.99s
[2026-05-15 00:56:16] [DEBUG   ] [scrapers.comment_scraper] Comment selector: '[aria-label*="Bình luận"] > div' → 45
[2026-05-15 00:56:17] [DEBUG   ] [scrapers.comment_scraper] Post 3962542100543461: 21 comments
[2026-05-15 00:56:17] [DEBUG   ] [scrapers.comment_scraper] Cào comments post 3963322273798777
[2026-05-15 00:56:19] [DEBUG   ] [browser.anti_detect] Delay 1.22s
[2026-05-15 00:56:50] [DEBUG   ] [scrapers.comment_scraper] Comment selector: '[aria-label*="Bình luận"] > div' → 43
[2026-05-15 00:56:50] [DEBUG   ] [scrapers.comment_scraper] Post 3963322273798777: 20 comments
[2026-05-15 00:56:50] [DEBUG   ] [scrapers.comment_scraper] Cào comments post 3963841683746836
[2026-05-15 00:56:52] [DEBUG   ] [browser.anti_detect] Delay 1.07s
[2026-05-15 00:57:23] [DEBUG   ] [scrapers.comment_scraper] Comment selector: '[aria-label*="Bình luận"] > div' → 3
[2026-05-15 00:57:23] [DEBUG   ] [scrapers.comment_scraper] Post 3963841683746836: 0 comments
[2026-05-15 00:57:23] [DEBUG   ] [scrapers.comment_scraper] Cào comments post 3963839727080365
[2026-05-15 00:57:26] [DEBUG   ] [browser.anti_detect] Delay 1.49s
[2026-05-15 00:57:57] [DEBUG   ] [scrapers.comment_scraper] Comment selector: '[aria-label*="Bình luận"] > div' → 3
[2026-05-15 00:57:57] [DEBUG   ] [scrapers.comment_scraper] Post 3963839727080365: 0 comments
[2026-05-15 00:57:57] [DEBUG   ] [scrapers.comment_scraper] Cào comments post 3963676663763338
[2026-05-15 00:58:00] [DEBUG   ] [browser.anti_detect] Delay 1.24s
[2026-05-15 00:58:31] [DEBUG   ] [scrapers.comment_scraper] Comment selector: '[aria-label*="Bình luận"] > div' → 11
[2026-05-15 00:58:31] [DEBUG   ] [scrapers.comment_scraper] Post 3963676663763338: 4 comments
[2026-05-15 00:58:31] [DEBUG   ] [scrapers.comment_scraper] Cào comments post 3963834147080923
[2026-05-15 00:58:33] [DEBUG   ] [browser.anti_detect] Delay 1.39s
[2026-05-15 00:59:05] [DEBUG   ] [scrapers.comment_scraper] Comment selector: '[aria-label*="Bình luận"] > div' → 3
[2026-05-15 00:59:05] [DEBUG   ] [scrapers.comment_scraper] Post 3963834147080923: 0 comments
[2026-05-15 00:59:05] [DEBUG   ] [scrapers.comment_scraper] Cào comments post 3963833913747613
[2026-05-15 00:59:07] [DEBUG   ] [browser.anti_detect] Delay 1.07s
[2026-05-15 00:59:38] [DEBUG   ] [scrapers.comment_scraper] Comment selector: '[aria-label*="Bình luận"] > div' → 3
[2026-05-15 00:59:38] [DEBUG   ] [scrapers.comment_scraper] Post 3963833913747613: 0 comments
[2026-05-15 00:59:38] [DEBUG   ] [scrapers.comment_scraper] Cào comments post 3963501490447522
[2026-05-15 00:59:40] [DEBUG   ] [browser.anti_detect] Delay 0.91s
[2026-05-15 01:00:11] [DEBUG   ] [scrapers.comment_scraper] Comment selector: '[aria-label*="Bình luận"] > div' → 27
[2026-05-15 01:00:11] [DEBUG   ] [scrapers.comment_scraper] Post 3963501490447522: 12 comments
[2026-05-15 01:00:11] [DEBUG   ] [scrapers.comment_scraper] Cào comments post 3963515783779426
[2026-05-15 01:00:14] [DEBUG   ] [browser.anti_detect] Delay 1.48s
[2026-05-15 01:00:45] [DEBUG   ] [scrapers.comment_scraper] Comment selector: '[aria-label*="Bình luận"] > div' → 23
[2026-05-15 01:00:45] [DEBUG   ] [scrapers.comment_scraper] Post 3963515783779426: 10 comments
[2026-05-15 01:00:45] [DEBUG   ] [scrapers.comment_scraper] Cào comments post 3963811303749874
[2026-05-15 01:00:47] [DEBUG   ] [browser.anti_detect] Delay 1.28s
[2026-05-15 01:01:19] [DEBUG   ] [scrapers.comment_scraper] Comment selector: '[aria-label*="Bình luận"] > div' → 3
[2026-05-15 01:01:19] [DEBUG   ] [scrapers.comment_scraper] Post 3963811303749874: 0 comments
[2026-05-15 01:01:19] [DEBUG   ] [scrapers.comment_scraper] Cào comments post 3963808260416845
[2026-05-15 01:01:21] [DEBUG   ] [browser.anti_detect] Delay 1.26s
[2026-05-15 01:01:53] [DEBUG   ] [scrapers.comment_scraper] Comment selector: '[aria-label*="Bình luận"] > div' → 3
[2026-05-15 01:01:53] [DEBUG   ] [scrapers.comment_scraper] Post 3963808260416845: 0 comments
[2026-05-15 01:02:47] [DEBUG   ] [browser.anti_detect] Delay 2.14s
[2026-05-15 01:02:50] [DEBUG   ] [browser.anti_detect] Delay 1.53s
[2026-05-15 01:02:53] [DEBUG   ] [browser.anti_detect] Delay 2.15s
[2026-05-15 01:02:56] [DEBUG   ] [browser.anti_detect] Delay 2.50s
[2026-05-15 01:03:02] [DEBUG   ] [browser.anti_detect] Delay 1.53s
[2026-05-15 01:03:07] [DEBUG   ] [browser.anti_detect] Delay 2.03s
[2026-05-15 01:03:12] [DEBUG   ] [browser.anti_detect] Delay 1.52s
[2026-05-15 01:03:15] [DEBUG   ] [browser.anti_detect] Delay 1.84s
[2026-05-15 01:03:19] [DEBUG   ] [scrapers.comment_scraper] Cào comments post 3950389628425375
[2026-05-15 01:03:22] [DEBUG   ] [browser.anti_detect] Delay 1.35s
[2026-05-15 01:03:53] [DEBUG   ] [scrapers.comment_scraper] Comment selector: '[aria-label*="Bình luận"] > div' → 43
[2026-05-15 01:03:53] [DEBUG   ] [scrapers.comment_scraper] Post 3950389628425375: 10 comments
[2026-05-15 01:03:53] [DEBUG   ] [scrapers.comment_scraper] Cào comments post 3963802677084070
[2026-05-15 01:03:55] [DEBUG   ] [browser.anti_detect] Delay 1.40s
[2026-05-15 01:04:27] [DEBUG   ] [scrapers.comment_scraper] Comment selector: '[aria-label*="Bình luận"] > div' → 29
[2026-05-15 01:04:27] [DEBUG   ] [scrapers.comment_scraper] Post 3963802677084070: 10 comments
[2026-05-15 01:04:27] [DEBUG   ] [scrapers.comment_scraper] Cào comments post 3963728107091527
[2026-05-15 01:04:29] [DEBUG   ] [browser.anti_detect] Delay 0.95s
[2026-05-15 01:05:00] [DEBUG   ] [scrapers.comment_scraper] Comment selector: '[aria-label*="Bình luận"] > div' → 43
[2026-05-15 01:05:00] [DEBUG   ] [scrapers.comment_scraper] Post 3963728107091527: 10 comments
[2026-05-15 01:05:00] [DEBUG   ] [scrapers.comment_scraper] Cào comments post 3963671003763904
[2026-05-15 01:05:03] [DEBUG   ] [browser.anti_detect] Delay 1.32s
[2026-05-15 01:05:34] [DEBUG   ] [scrapers.comment_scraper] Comment selector: '[aria-label*="Bình luận"] > div' → 43
[2026-05-15 01:05:35] [DEBUG   ] [scrapers.comment_scraper] Post 3963671003763904: 10 comments
[2026-05-15 01:05:35] [DEBUG   ] [scrapers.comment_scraper] Cào comments post 3963735013757503
[2026-05-15 01:05:37] [DEBUG   ] [browser.anti_detect] Delay 1.24s
[2026-05-15 01:06:08] [DEBUG   ] [scrapers.comment_scraper] Comment selector: '[aria-label*="Bình luận"] > div' → 43
[2026-05-15 01:06:09] [DEBUG   ] [scrapers.comment_scraper] Post 3963735013757503: 10 comments
[2026-05-15 01:06:09] [DEBUG   ] [scrapers.comment_scraper] Cào comments post 3961180714012933
[2026-05-15 01:06:11] [DEBUG   ] [browser.anti_detect] Delay 0.82s
[2026-05-15 01:06:42] [DEBUG   ] [scrapers.comment_scraper] Comment selector: '[aria-label*="Bình luận"] > div' → 43
[2026-05-15 01:06:43] [DEBUG   ] [scrapers.comment_scraper] Post 3961180714012933: 10 comments
[2026-05-15 01:06:43] [DEBUG   ] [scrapers.comment_scraper] Cào comments post 3963865730411098
[2026-05-15 01:06:45] [DEBUG   ] [browser.anti_detect] Delay 1.00s
[2026-05-15 01:07:16] [DEBUG   ] [scrapers.comment_scraper] Comment selector: '[aria-label*="Bình luận"] > div' → 7
[2026-05-15 01:07:16] [DEBUG   ] [scrapers.comment_scraper] Post 3963865730411098: 2 comments
[2026-05-15 01:07:16] [DEBUG   ] [scrapers.comment_scraper] Cào comments post 3960622704068734
[2026-05-15 01:07:19] [DEBUG   ] [browser.anti_detect] Delay 0.88s
[2026-05-15 01:07:50] [DEBUG   ] [scrapers.comment_scraper] Comment selector: '[aria-label*="Bình luận"] > div' → 19
[2026-05-15 01:07:50] [DEBUG   ] [scrapers.comment_scraper] Post 3960622704068734: 8 comments
[2026-05-15 01:07:50] [DEBUG   ] [scrapers.comment_scraper] Cào comments post 3962303520567319
[2026-05-15 01:07:53] [DEBUG   ] [browser.anti_detect] Delay 1.25s
[2026-05-15 01:08:24] [DEBUG   ] [scrapers.comment_scraper] Comment selector: '[aria-label*="Bình luận"] > div' → 45
[2026-05-15 01:08:25] [DEBUG   ] [scrapers.comment_scraper] Post 3962303520567319: 10 comments
[2026-05-15 01:08:25] [DEBUG   ] [scrapers.comment_scraper] Cào comments post 3963687510428920
[2026-05-15 01:08:28] [DEBUG   ] [browser.anti_detect] Delay 1.10s
[2026-05-15 01:08:59] [DEBUG   ] [scrapers.comment_scraper] Comment selector: '[aria-label*="Bình luận"] > div' → 23
[2026-05-15 01:08:59] [DEBUG   ] [scrapers.comment_scraper] Post 3963687510428920: 10 comments
[2026-05-15 01:08:59] [DEBUG   ] [scrapers.comment_scraper] Cào comments post 3963761483754856
[2026-05-15 01:09:02] [DEBUG   ] [browser.anti_detect] Delay 1.37s
[2026-05-15 01:09:33] [DEBUG   ] [scrapers.comment_scraper] Comment selector: '[aria-label*="Bình luận"] > div' → 23
[2026-05-15 01:09:33] [DEBUG   ] [scrapers.comment_scraper] Post 3963761483754856: 10 comments
[2026-05-15 01:09:33] [DEBUG   ] [scrapers.comment_scraper] Cào comments post 3962542100543461
[2026-05-15 01:09:36] [DEBUG   ] [browser.anti_detect] Delay 1.44s
[2026-05-15 01:10:08] [DEBUG   ] [scrapers.comment_scraper] Comment selector: '[aria-label*="Bình luận"] > div' → 43
[2026-05-15 01:10:08] [DEBUG   ] [scrapers.comment_scraper] Post 3962542100543461: 10 comments
[2026-05-15 01:10:08] [DEBUG   ] [scrapers.comment_scraper] Cào comments post 3963322273798777
[2026-05-15 01:10:11] [DEBUG   ] [browser.anti_detect] Delay 1.36s
[2026-05-15 01:10:42] [DEBUG   ] [scrapers.comment_scraper] Comment selector: '[aria-label*="Bình luận"] > div' → 43
[2026-05-15 01:10:43] [DEBUG   ] [scrapers.comment_scraper] Post 3963322273798777: 10 comments
[2026-05-15 01:10:43] [DEBUG   ] [scrapers.comment_scraper] Cào comments post 3963841683746836
[2026-05-15 01:10:47] [DEBUG   ] [browser.anti_detect] Delay 1.05s
[2026-05-15 01:11:18] [DEBUG   ] [scrapers.comment_scraper] Comment selector: '[aria-label*="Bình luận"] > div' → 3
[2026-05-15 01:11:18] [DEBUG   ] [scrapers.comment_scraper] Post 3963841683746836: 0 comments
[2026-05-15 01:11:18] [DEBUG   ] [scrapers.comment_scraper] Cào comments post 3963839727080365
[2026-05-15 01:11:20] [DEBUG   ] [browser.anti_detect] Delay 1.26s
[2026-05-15 01:11:52] [DEBUG   ] [scrapers.comment_scraper] Comment selector: '[aria-label*="Bình luận"] > div' → 3
[2026-05-15 01:11:52] [DEBUG   ] [scrapers.comment_scraper] Post 3963839727080365: 0 comments
[2026-05-15 01:11:52] [DEBUG   ] [scrapers.comment_scraper] Cào comments post 3963676663763338
[2026-05-15 01:11:54] [DEBUG   ] [browser.anti_detect] Delay 1.42s
[2026-05-15 01:12:25] [DEBUG   ] [scrapers.comment_scraper] Comment selector: '[aria-label*="Bình luận"] > div' → 11
[2026-05-15 01:12:25] [DEBUG   ] [scrapers.comment_scraper] Post 3963676663763338: 4 comments
[2026-05-15 01:12:25] [DEBUG   ] [scrapers.comment_scraper] Cào comments post 3963834147080923
[2026-05-15 01:12:29] [DEBUG   ] [browser.anti_detect] Delay 1.38s
[2026-05-15 01:13:00] [DEBUG   ] [scrapers.comment_scraper] Comment selector: '[aria-label*="Bình luận"] > div' → 3
[2026-05-15 01:13:00] [DEBUG   ] [scrapers.comment_scraper] Post 3963834147080923: 0 comments
[2026-05-15 01:13:00] [DEBUG   ] [scrapers.comment_scraper] Cào comments post 3963833913747613
[2026-05-15 01:13:03] [DEBUG   ] [browser.anti_detect] Delay 0.82s
[2026-05-15 01:13:33] [DEBUG   ] [scrapers.comment_scraper] Comment selector: '[aria-label*="Bình luận"] > div' → 3
[2026-05-15 01:13:33] [DEBUG   ] [scrapers.comment_scraper] Post 3963833913747613: 0 comments
[2026-05-15 01:13:33] [DEBUG   ] [scrapers.comment_scraper] Cào comments post 3963501490447522
[2026-05-15 01:13:36] [DEBUG   ] [browser.anti_detect] Delay 1.28s
[2026-05-15 01:14:08] [DEBUG   ] [scrapers.comment_scraper] Comment selector: '[aria-label*="Bình luận"] > div' → 27
[2026-05-15 01:14:08] [DEBUG   ] [scrapers.comment_scraper] Post 3963501490447522: 10 comments
[2026-05-15 01:14:08] [DEBUG   ] [scrapers.comment_scraper] Cào comments post 3963515783779426
[2026-05-15 01:14:11] [DEBUG   ] [browser.anti_detect] Delay 1.03s
[2026-05-15 01:14:42] [DEBUG   ] [scrapers.comment_scraper] Comment selector: '[aria-label*="Bình luận"] > div' → 23
[2026-05-15 01:14:43] [DEBUG   ] [scrapers.comment_scraper] Post 3963515783779426: 10 comments
[2026-05-15 01:14:43] [INFO    ] [exporters.excel_exporter] Đã export: C:\Users\PC\Projects\facebook_crawler\fb-scraper\data\crawl_2026-05-15_01-14_group_2325663947564626.xlsx (20 posts)
[2026-05-15 01:15:49] [DEBUG   ] [browser.anti_detect] Delay 2.24s
[2026-05-15 01:15:52] [DEBUG   ] [browser.anti_detect] Delay 1.87s
[2026-05-15 01:22:11] [INFO    ] [browser.session] Browser đã khởi động
[2026-05-15 01:22:11] [INFO    ] [browser.session] Đang điều hướng đến trang login...
[2026-05-15 01:22:12] [INFO    ] [browser.session] URL sau goto: https://www.facebook.com/login
[2026-05-15 01:22:45] [INFO    ] [browser.session] Dùng Enter để submit form đăng nhập
[2026-05-15 01:22:45] [INFO    ] [browser.session] Đã click đăng nhập, đang chờ redirect...
[2026-05-15 01:23:31] [INFO    ] [browser.session] Đã lưu 7 cookies → C:\Users\PC\Projects\facebook_crawler\fb-scraper\cookies\fb_cookies.json
[2026-05-15 01:23:59] [DEBUG   ] [browser.anti_detect] Delay 2.69s
[2026-05-15 01:24:21] [DEBUG   ] [browser.anti_detect] Delay 2.64s
[2026-05-15 01:24:36] [DEBUG   ] [browser.anti_detect] Delay 2.22s
[2026-05-15 01:24:57] [DEBUG   ] [browser.anti_detect] Delay 2.01s
[2026-05-15 01:25:07] [DEBUG   ] [browser.anti_detect] Delay 2.90s
[2026-05-15 01:25:22] [DEBUG   ] [browser.anti_detect] Delay 2.39s
[2026-05-15 01:25:37] [DEBUG   ] [browser.anti_detect] Delay 1.63s
[2026-05-15 01:25:59] [DEBUG   ] [browser.anti_detect] Delay 1.91s
[2026-05-15 01:26:14] [DEBUG   ] [browser.anti_detect] Delay 2.92s
[2026-05-15 01:26:27] [DEBUG   ] [browser.anti_detect] Delay 2.44s
[2026-05-15 01:26:33] [INFO    ] [exporters.excel_exporter] Đã export: C:\Users\PC\Projects\facebook_crawler\fb-scraper\data\crawl_2026-05-15_01-26_group_2325663947564626.xlsx (20 posts)
[2026-05-15 01:26:42] [DEBUG   ] [browser.anti_detect] Delay 2.49s
[2026-05-15 01:26:55] [DEBUG   ] [browser.anti_detect] Delay 1.51s
[2026-05-15 01:27:12] [DEBUG   ] [browser.anti_detect] Delay 2.62s
[2026-05-15 01:27:31] [DEBUG   ] [browser.anti_detect] Delay 2.00s
[2026-05-15 01:27:45] [DEBUG   ] [browser.anti_detect] Delay 2.26s
[2026-05-15 01:27:57] [DEBUG   ] [browser.anti_detect] Delay 2.49s
[2026-05-15 01:27:59] [INFO    ] [exporters.excel_exporter] Đã export: C:\Users\PC\Projects\facebook_crawler\fb-scraper\data\crawl_2026-05-15_01-27_group_2325663947564626.xlsx (9 posts)
